// Jest Snapshot v1, https://goo.gl/fbAQLP

exports[`should correctly display the login page 1`] = `
<Container
  className="login-page"
  tag="div"
>
  <Row
    tag="div"
  >
    <Col
      tag="div"
      widths={
        Array [
          "xs",
          "sm",
          "md",
          "lg",
          "xl",
        ]
      }
    >
      <Jumbotron
        className="login-page__jumbotron"
        tag="div"
      >
        <h4
          className="mb-5"
        >
          Project time tracker
        </h4>
        <GoogleButton
          className="login-page__google-signin-btn"
          disabled={false}
          id="login-page__google-signin-btn"
          label="Sign in with Google"
          onClick={[Function]}
          type="dark"
        />
      </Jumbotron>
    </Col>
  </Row>
</Container>
`;
